---
source: crates/muxa-cli/src/watch.rs
assertion_line: 8288
expression: "snapshot_helpers::buffer_string(&terminal)"
---
 muxa watch   4 agents  + 0 panes   sort PANE ID   <clock>

──────────────────────────────────────────────────────────────────────────────────────────────────────────────
┌ Agents ────────────────────────────────────────────────────────────────────────────────────────────────────┐
│  PANE                   ST  LAST PROMPT                                                               ACT  │
│  alpha:0.0              ●   alpha prompt                                                              <rel>│
│> alpha:1.0              ?   beta prompt                                                               <rel>│
│                             ↳ beta response                                                                │
│  alpha:2.0              ◆   gamma prompt                                                              <rel>│
│  (no pane)              ·   -                                                                         <rel>│
│                                                                                                            │
│                                                                                                            │
│                                                                                                            │
│                                                                                                            │
└────────────────────────────────────────────────────────────────────────────────────────────────────────────┘
 ↑/↓  move   ⏎  prompt   ⏎⏎  attach   p  preview   r  refresh   s/l/d/t  sort   ?  help   q  quit
