---
source: crates/muxa-cli/src/watch.rs
expression: "snapshot_helpers::buffer_string(&terminal)"
---
 muxa watch   1 agent  + 0 panes   sort PANE ID   <clock>

────────────────────────────────────────────────────────────────────────────────────────────────────
┌ Agents ──────────────────────────────────────────────────────────────────────────────────────────┐
│  PANE                   ST  LAST PROMPT                                                     ACT  │
│> alpha:2.0              ◆   pick a plan                                                     <rel>│
│                             ↳ pick a plan                                                        │
│                                                                                                  │
│                                                                                                  │
│                                                                                                  │
└──────────────────────────────────────────────────────────────────────────────────────────────────┘
 ↑/↓  move   ⏎  attach   p  preview   r  refresh   s/a/d/t  sort   ?  help   q  quit
